// Jest Snapshot v1, https://goo.gl/fbAQLP

exports[`Should match snapshot 1`] = `
<div>
  <button
    class="notActive"
    type="submit"
  >
    Refresh
  </button>
</div>
`;
